[backblue.gif]
[fade.gif]
[index.html]
[columbiadivest.org/assets/topper.jpg]
[columbiadivest.org/assets/clean1_tagline.gif]
[columbiadivest.org/assets/clean_sidebar.gif]
[l.yimg.com/d/lib/smb/js/hosting/cp/js_source/whv2_001.js]
[visit.webhosting.yahoo.com/visitdf56.gif]
[columbiadivest.org/index.html]
[columbiadivest.org/assets/gw3_pgbg.gif]
[columbiadivest.org/v4sheet.css]
[columbiadivest.org/w3csheet.css]
[visit.webhosting.yahoo.com/visit691d.gif]
[columbiadivest.org/index-2.html]
[columbiadivest.org/petition.html]
[columbiadivest.org/assets/homev.gif]
[columbiadivest.org/sign_petition.html]
[columbiadivest.org/assets/back_but.gif]
[columbiadivest.org/why_divest.html]
[visit.webhosting.yahoo.com/visit88a7.gif]
[columbiadivest.org/cu_invest.html]
[columbiadivest.org/pdfs/cole.pdf]
[columbiadivest.org/press.html]
[columbiadivest.org/pdfs/haaretzstatement.pdf]
[columbiadivest.org/pdfs/israeliacademicstatement.pdf]
[columbiadivest.org/pdfs/internationappeal1.pdf]
[columbiadivest.org/links.html]
[columbiadivest.org/contact_us.html]
[visit.webhosting.yahoo.com/visit6d37.gif]
[columbiadivest.org/sig_list.html]
[visit.webhosting.yahoo.com/visit33a4.gif]
[columbiadivest.org/tutu.html]
[visit.webhosting.yahoo.com/visitcacd.gif]
[columbiadivest.org/press1.html]
[columbiadivest.org/pdfs/normand.pdf]
[columbiadivest.org/pdfs/brian_barry.pdf]
[columbiadivest.org/pdfs/Robbins_Divestment.pdf]
[columbiadivest.org/pdfs/abu_lughod.pdf]
[columbiadivest.org/pdfs/MamdaniDivestment.pdf]
[columbiadivest.org/panel.html]
[columbiadivest.org/press2.html]
[columbiadivest.org/pres_statement.html]
[visit.webhosting.yahoo.com/visit780c.gif]
[columbiadivest.org/advisory_committee.html]
[columbiadivest.org/print/print_sig_list.html]
[visit.webhosting.yahoo.com/visita54f.gif]
[columbiadivest.org/print/print/print_sig_list.html]
